// Jest Snapshot v1, https://goo.gl/fbAQLP

exports[`TableSkeleton render correctly 1`] = `
<div
  className="bg-white w-full mx-auto rounded-2xl mt-8"
>
  <div
    className="bg-gray-200 h-12 p-3 overflow-hidden animate-pulse"
  />
  <div
    className=""
  >
    <div
      className="grid grid-cols-3 gap-4 mt-2"
    >
      <div
        className="h-8 bg-gray-200 rounded animate-pulse"
      />
      <div
        className="h-8 bg-gray-200 rounded animate-pulse"
      />
      <div
        className="h-8 bg-gray-200 rounded animate-pulse"
      />
      <div
        className="h-8 bg-gray-200 rounded animate-pulse"
      />
      <div
        className="h-8 bg-gray-200 rounded animate-pulse"
      />
      <div
        className="h-8 bg-gray-200 rounded animate-pulse"
      />
      <div
        className="h-8 bg-gray-200 rounded animate-pulse"
      />
      <div
        className="h-8 bg-gray-200 rounded animate-pulse"
      />
      <div
        className="h-8 bg-gray-200 rounded animate-pulse"
      />
      <div
        className="h-8 bg-gray-200 rounded animate-pulse"
      />
      <div
        className="h-8 bg-gray-200 rounded animate-pulse"
      />
      <div
        className="h-8 bg-gray-200 rounded animate-pulse"
      />
    </div>
  </div>
</div>
`;
