// Jest Snapshot v1, https://goo.gl/fbAQLP

exports[`Badge with primary style 1`] = `
<span
  className="px-2 py-1 text-white rounded-full bg-blue-500"
>
  1
</span>
`;
