// Jest Snapshot v1, https://goo.gl/fbAQLP

exports[`Card render correctly 1`] = `
<div
  className="flex flex-col m-4 px-4 py-8 bg-white rounded-lg shadow dark:bg-gray-800 sm:px-6 md:px-8 lg:px-10"
>
  Hola
</div>
`;
